задание: 2.2.5
проект: 221-command-time
устройство: 2e8a:000a
серийный номер: E663589863421C2E
порт: COM5
начало: 2026-10-05T16:44:44
   0.000 --> clk_info
   0.001 <-- clk_info
   0.001 <-- dbg read_line:180 got clk_info
   0.002 <-- signal     set_khz measured_khz
   0.003 <-- clk_ref      12000        12001
   0.004 <-- clk_sys     125000       125000
   0.005 <-- clk_peri    125000       125000
   0.006 <-- clk_usb      48000        48000
   0.007 <-- clk_adc      48000        48000
   0.008 <-- rosc             -         5347
   1.032 --> main_time_reset
   1.033 <-- main_time_reset
   1.033 <-- dbg read_line:180 got main_time_reset
   1.033 <-- max reset
   3.077 --> main_time_exec
   3.078 <-- main_time_exec
   3.079 <-- dbg read_line:180 got main_time_exec
   3.079 <-- iteration avg 2.54 us, max 322 us
   4.100 --> calc_pi
   4.101 <-- calc_pi
   4.101 <-- dbg read_line:180 got calc_pi
   8.808 <-- pi: 3.14159165
   8.808 <-- time: 4706 ms
  10.236 --> clk_sys_low
  10.236 <-- clk_sys_low
  10.237 <-- dbg read_line:180 got clk_sys_low
  10.238 <-- inf clk_sys_set:18 clk_sys 62500 kHz
  11.278 --> clk_info
  11.280 <-- clk_info
  11.280 <-- dbg read_line:180 got clk_info
  11.281 <-- signal     set_khz measured_khz
  11.281 <-- clk_ref      12000        12002
  11.282 <-- clk_sys      62500        62500
  11.283 <-- clk_peri     48000        48000
  11.285 <-- clk_usb      48000        48000
  11.286 <-- clk_adc      48000        48000
  11.287 <-- rosc             -         5350
  12.315 --> uptime
  12.316 <-- uptime
  12.317 <-- dbg read_line:180 got uptime
  12.317 <-- uptime: 27882 ms
  14.366 --> uptime
  14.367 <-- uptime
  14.368 <-- dbg read_line:180 got uptime
  14.368 <-- uptime: 29933 ms
  15.386 --> main_time_reset
  15.388 <-- main_time_reset
  15.388 <-- dbg read_line:180 got main_time_reset
  15.388 <-- max reset
  17.430 --> main_time_exec
  17.431 <-- main_time_exec
  17.432 <-- dbg read_line:180 got main_time_exec
  17.433 <-- iteration avg 5.18 us, max 515 us
  18.452 --> calc_pi
  18.453 <-- calc_pi
  18.454 <-- dbg read_line:180 got calc_pi
  27.867 <-- pi: 3.14159165
  27.867 <-- time: 9413 ms
  29.513 --> clk_sys_default
  29.514 <-- clk_sys_default
  29.515 <-- dbg read_line:180 got clk_sys_default
  29.515 <-- inf clk_sys_set:18 clk_sys 125000 kHz
  30.534 --> clk_info
  30.535 <-- clk_info
  30.535 <-- dbg read_line:180 got clk_info
  30.535 <-- signal     set_khz measured_khz
  30.536 <-- clk_ref      12000        12001
  30.537 <-- clk_sys     125000       125001
  30.538 <-- clk_peri     48000        48000
  30.539 <-- clk_usb      48000        48000
  30.541 <-- clk_adc      48000        48000
  30.542 <-- rosc             -         5349
  31.571 --> calc_pi
  31.572 <-- calc_pi
  31.572 <-- dbg read_line:180 got calc_pi
  36.279 <-- pi: 3.14159165
  36.279 <-- time: 4706 ms
итог: отправлено команд 14, принято строк 63
