задание: 2.2.1
проект: 221-command-time
устройство: 2e8a:000a
серийный номер: E663589863421C2E
порт: COM5
начало: 2026-10-05T13:25:50
   0.000 --> clk_info
   0.164 <-- clk_info
   0.165 <-- dbg read_line:128 got clk_info
   0.165 <-- signal     set_khz measured_khz
   0.166 <-- clk_ref      12000        12001
   0.167 <-- clk_sys     125000       125000
   0.168 <-- clk_peri    125000       125000
   0.169 <-- clk_usb      48000        48000
   0.170 <-- clk_adc      48000        48000
   0.171 <-- rosc             -         5348
   2.198 --> info
   2.291 <-- info
   2.291 <-- dbg read_line:128 got info
   2.292 <-- project: 221-command-time
   2.292 <-- repo: https://github.com/Ivanchik-sys/es-student
   2.292 <-- board: pico
   2.292 <-- serial: E663589863421C2E
   2.293 <-- chip: manufacturer 0x927, part 0x0002, revision 2
   2.507 <-- pico-sdk: 2.3.0
итог: отправлено команд 2, принято строк 17
