задание: 2.1.3
проект: 211-command-usb
устройство: 2e8a:000a
серийный номер: E663589863421C2E
порт: COM5
начало: 2026-09-25T19:29:02
   0.000 --> mem_info
   0.161 <-- mem_info
   0.162 <-- dbg read_line:110 got mem_info
   0.162 <-- area       start      end        size
   0.163 <-- flash      0x10000000 0x10200000  2097152
   0.163 <-- sram       0x20000000 0x20042000   270336
   0.163 <-- rom        0x00000000 0x00004000    16384
   0.164 <-- image      0x10000000 0x1000849c    33948
   0.164 <-- free       0x1000849c 0x10200000  2063204
   0.165 <-- boot2      0x10000000 0x10000100      256
   0.165 <-- text       0x10000100 0x1000752c    29740
   0.165 <-- data flash 0x1000752c 0x1000849c     3952
   0.166 <-- data ram   0x200000c0 0x20001030     3952
   0.166 <-- bss        0x20001030 0x20001c6c     3132
   0.166 <-- heap       0x20001c6c 0x20040000   254868
   0.167 <-- stack      0x20041800 0x20042000     2048
   0.167 <-- total
   0.167 <-- flash image    33948 = boot2 256 + text 29740 + data 3952
   0.168 <-- flash free   2063204 of 2097152
   0.168 <-- ram used        7084 = data 3952 + bss 3132
   0.169 <-- ram free      254868 for heap and 2048 for stack
итог: отправлено команд 1, принято строк 20
