задание: 2.1.2
проект: 211-command-usb
устройство: 2e8a:000a
серийный номер: E663589863421C2E
порт: COM5
начало: 2026-09-24T19:57:59
   0.000 --> enable
   0.137 <-- enable
   0.138 <-- dbg read_line:103 got enable
   0.138 <-- inf cmd_enable:29 led on
   2.175 --> disable
   2.318 <-- disable
   2.319 <-- dbg read_line:103 got disable
   2.319 <-- inf cmd_disable:35 led off
   4.337 --> info
   4.419 <-- info
   4.419 <-- dbg read_line:103 got info
   4.420 <-- project: 211-command-usb
   4.420 <-- repo: https://github.com/Ivanchik-sys/es-student
   4.420 <-- board: pico
   4.420 <-- serial: E663589863421C2E
   4.421 <-- chip: manufacturer 0x927, part 0x0002, revision 2
   4.921 <-- pico-sdk: 2.3.0
   6.437 --> ping
   6.520 <-- ping
   6.520 <-- dbg read_line:103 got ping
   6.521 <-- pong
   8.552 --> nosuchcommand
   8.821 <-- nosuchcommand
   8.821 <-- dbg read_line:103 got nosuchcommand
   8.822 <-- err handle_command:84 unknown command: nosuchcommand
итог: отправлено команд 5, принято строк 20
